% mean class accuracy (test set)	
 8.9325e+01	
 9.1368e+01	
 9.2390e+01	
 9.2313e+01	
 9.2601e+01	
 9.2137e+01	
 9.2117e+01	
